{
    "removeFromYamlMap only key1": {
        "content": [
            {
                "Workflow2": {
                    "TEMPLATE": "1.0.0",
                    "Pipeline": "1.0.0"
                }
            }
        ],
        "meta": {
            "nf-test": "0.9.2",
            "nextflow": "25.04.2"
        },
        "timestamp": "2025-06-05T13:51:51.69206463"
    },
    "removeFromYamlMap": {
        "content": [
            {
                "Workflow": {
                    "Pipeline": "1.0.0"
                },
                "Workflow2": {
                    "TEMPLATE": "1.0.0",
                    "Pipeline": "1.0.0"
                }
            }
        ],
        "meta": {
            "nf-test": "0.9.2",
            "nextflow": "25.04.2"
        },
        "timestamp": "2025-06-05T13:26:18.982486633"
    }
}