{
    "test plugin": {
        "content": [
            [
                "environment.yml",
                "main.nf",
                "meta.yml",
                "tests/main.nf.test",
                "tests/main.nf.test.snap"
            ]
        ],
        "meta": {
            "nf-test": "0.9.2",
            "nextflow": "25.04.3"
        },
        "timestamp": "2025-06-26T15:34:09.729923"
    }
}