{
    "Default sanitize output": {
        "content": [
            {
                "html": [
                    [
                        {
                            "id": "test"
                        },
                        "test_fastqc.html:md5,24854f9d4c2bc9e908174cabefb1cf07"
                    ]
                ],
                "id": [
                    "test"
                ],
                "zip": [
                    [
                        {
                            "id": "test"
                        },
                        "test_fastqc.zip"
                    ]
                ],
                "zip_only": [
                    "test_fastqc.zip:md5,b14838a8cfd436e61fbf159d7255cc59"
                ]
            }
        ],
        "meta": {
            "nf-test": "0.9.2",
            "nextflow": "25.04.6"
        },
        "timestamp": "2025-09-11T14:51:48.072281016"
    }
}